
   FAIL  Tests\Feature\FullSystemTest
  Γ¿» public endpoints are accessible
  Γ¿» authentication flow
  Γ¿» booking flow
  ΓöÇΓöÇΓöÇΓöÇΓöÇΓöÇΓöÇΓöÇΓöÇΓöÇΓöÇΓöÇΓöÇΓöÇΓöÇΓöÇΓöÇΓöÇ  
  ΓÇª  QueryException   
  SQLSTATE[HY000]: General error: 1 near "CHANGE": syntax error (Connection: sqlite, SQL: ALTER TABLE rooms CHANGE screen_id room_id BIGINT UNSIGNED NOT NULL AUTO_INCREMENT)

  at vendor\laravel\framework\src\Illuminate\Database\Connection.php:826
    822Γûò                     $this->getName(), $query, $this->prepareBindings($bindings), $e
    823Γûò                 );
    824Γûò             }
    825Γûò 
  Γ₧£ 826Γûò             throw new QueryException(
    827Γûò                 $this->getName(), $query, $this->prepareBindings($bindings), $e
    828Γûò             );
    829Γûò         }
    830Γûò     }

  1   vendor\laravel\framework\src\Illuminate\Database\Connection.php:826

  2   vendor\laravel\framework\src\Illuminate\Database\Connection.php:564
      NunoMaduro\Collision\Exceptions\TestException::("SQLSTATE[HY000]: General error: 1 near "CHANGE": syntax error")

  ΓöÇΓöÇΓöÇΓöÇΓöÇΓöÇΓöÇΓöÇΓöÇΓöÇΓöÇΓöÇΓöÇΓöÇΓöÇΓöÇΓöÇΓöÇ  
  ΓÇª  QueryException   
  SQLSTATE[HY000]: General error: 1 near "CHANGE": syntax error (Connection: sqlite, SQL: ALTER TABLE rooms CHANGE screen_id room_id BIGINT UNSIGNED NOT NULL AUTO_INCREMENT)

  at vendor\laravel\framework\src\Illuminate\Database\Connection.php:826
    822Γûò                     $this->getName(), $query, $this->prepareBindings($bindings), $e
    823Γûò                 );
    824Γûò             }
    825Γûò 
  Γ₧£ 826Γûò             throw new QueryException(
    827Γûò                 $this->getName(), $query, $this->prepareBindings($bindings), $e
    828Γûò             );
    829Γûò         }
    830Γûò     }

  1   vendor\laravel\framework\src\Illuminate\Database\Connection.php:826

  2   vendor\laravel\framework\src\Illuminate\Database\Connection.php:564
      NunoMaduro\Collision\Exceptions\TestException::("SQLSTATE[HY000]: General error: 1 near "CHANGE": syntax error")

  ΓöÇΓöÇΓöÇΓöÇΓöÇΓöÇΓöÇΓöÇΓöÇΓöÇΓöÇΓöÇΓöÇΓöÇΓöÇΓöÇΓöÇΓöÇ  
  ΓÇª  QueryException   
  SQLSTATE[HY000]: General error: 1 near "CHANGE": syntax error (Connection: sqlite, SQL: ALTER TABLE rooms CHANGE screen_id room_id BIGINT UNSIGNED NOT NULL AUTO_INCREMENT)

  at vendor\laravel\framework\src\Illuminate\Database\Connection.php:826
    822Γûò                     $this->getName(), $query, $this->prepareBindings($bindings), $e
    823Γûò                 );
    824Γûò             }
    825Γûò 
  Γ₧£ 826Γûò             throw new QueryException(
    827Γûò                 $this->getName(), $query, $this->prepareBindings($bindings), $e
    828Γûò             );
    829Γûò         }
    830Γûò     }

  1   vendor\laravel\framework\src\Illuminate\Database\Connection.php:826

  2   vendor\laravel\framework\src\Illuminate\Database\Connection.php:564
      NunoMaduro\Collision\Exceptions\TestException::("SQLSTATE[HY000]: General error: 1 near "CHANGE": syntax error")


  Tests:    3 failed (0 assertions)
  Duration: 0.47s

